#
# There is insufficient memory for the Java Runtime Environment to continue.
# Native memory allocation (malloc) failed to allocate 1048576 bytes. Error detail: AllocateHeap
# Possible reasons:
#   The system is out of physical RAM or swap space
#   This process is running with CompressedOops enabled, and the Java Heap may be blocking the growth of the native heap
# Possible solutions:
#   Reduce memory load on the system
#   Increase physical memory or swap space
#   Check if swap backing store is full
#   Decrease Java heap size (-Xmx/-Xms)
#   Decrease number of Java threads
#   Decrease Java thread stack sizes (-Xss)
#   Set larger code cache with -XX:ReservedCodeCacheSize=
#   JVM is running with Unscaled Compressed Oops mode in which the Java heap is
#     placed in the first 4GB address space. The Java Heap base address is the
#     maximum limit for the native heap growth. Please use -XX:HeapBaseMinAddress
#     to set the Java Heap base and to place the Java Heap above 4GB virtual address.
# This output file may be truncated or incomplete.
#
#  Out of Memory Error (allocation.cpp:44), pid=4432, tid=13912
#
# JRE version: OpenJDK Runtime Environment Temurin-21.0.12.1+1 (21.0.12.1+1) (build 21.0.12.1+1-LTS)
# Java VM: OpenJDK 64-Bit Server VM Temurin-21.0.12.1+1 (21.0.12.1+1-LTS, mixed mode, sharing, tiered, compressed oops, compressed class ptrs, parallel gc, windows-amd64)
# No core dump will be written. Minidumps are not enabled by default on client versions of Windows
#

---------------  S U M M A R Y ------------

Command Line: --add-modules=ALL-SYSTEM --add-opens=java.base/java.util=ALL-UNNAMED --add-opens=java.base/java.lang=ALL-UNNAMED --add-opens=java.base/sun.nio.fs=ALL-UNNAMED -Declipse.application=org.eclipse.jdt.ls.core.id1 -Dosgi.bundles.defaultStartLevel=4 -Declipse.product=org.eclipse.jdt.ls.core.product -Djava.import.generatesMetadataFilesAtProjectRoot=false -DDetectVMInstallationsJob.disabled=true -Dfile.encoding=utf8 -XX:+UseParallelGC -XX:GCTimeRatio=4 -XX:AdaptiveSizePolicyWeight=90 -Dsun.zip.disableMemoryMapping=true -Xmx2G -Xms100m -Xlog:disable -javaagent:c:\Users\LENOVO\.vscode\extensions\redhat.java-1.56.2026082811-win32-x64\lombok\lombok-1.18.39-4050.jar -XX:+HeapDumpOnOutOfMemoryError -XX:HeapDumpPath=c:\Users\LENOVO\AppData\Roaming\Code\User\workspaceStorage\c1766b9a4b25d2353277a49c4eecbefe\redhat.java -Daether.dependencyCollector.impl=bf -XX:+UnlockDiagnosticVMOptions -XX:+AllowArchivingWithJavaAgent -XX:+AutoCreateSharedArchive -XX:SharedArchiveFile=c:\Users\LENOVO\AppData\Roaming\Code\User\globalStorage\redhat.java\1.56.2026082811\jdtls.jsa c:\Users\LENOVO\.vscode\extensions\redhat.java-1.56.2026082811-win32-x64\server\plugins\org.eclipse.equinox.launcher_1.8.0.v20260804-1928.jar -configuration c:\Users\LENOVO\AppData\Roaming\Code\User\globalStorage\redhat.java\1.56.2026082811\config_win -data c:\Users\LENOVO\AppData\Roaming\Code\User\workspaceStorage\c1766b9a4b25d2353277a49c4eecbefe\redhat.java\jdt_ws --stdio

Host: Intel(R) Core(TM) i5-7200U CPU @ 2.50GHz, 4 cores, 3G,  Windows 10 , 64 bit Build 19041 (10.0.19041.5915)
Time: Wed Sep  2 11:09:07 2026 SE Asia Standard Time elapsed time: 1478.713511 seconds (0d 0h 24m 38s)

---------------  T H R E A D  ---------------

Current thread (0x0000026b1ee201d0):  JavaThread "Attach Listener" daemon [_thread_in_vm, id=13912, stack(0x00000087e8000000,0x00000087e8100000) (1024K)]

Stack: [0x00000087e8000000,0x00000087e8100000]
Native frames: (J=compiled Java code, j=interpreted, Vv=VM code, C=native code)
V  [jvm.dll+0x6d83e9]
V  [jvm.dll+0x8b5736]
V  [jvm.dll+0x8b7cee]
V  [jvm.dll+0x8b83d3]
V  [jvm.dll+0x284596]
V  [jvm.dll+0xc13c7]
V  [jvm.dll+0x6d8c99]
V  [jvm.dll+0x133616]
V  [jvm.dll+0x3f8aae]
V  [jvm.dll+0x8600cd]
V  [jvm.dll+0x6d6c1d]
C  [ucrtbase.dll+0x21bb2]
C  [KERNEL32.DLL+0x17374]
C  [ntdll.dll+0x4cc91]


---------------  P R O C E S S  ---------------

Threads class SMR info:
_java_thread_list=0x0000026b69f65510, length=39, elements={
0x0000026b06204700, 0x0000026b1ee1a010, 0x0000026b1ee1bc80, 0x0000026b1ee1f770,
0x0000026b1ee201d0, 0x0000026b1ee20c30, 0x0000026b1ee21690, 0x0000026b1ee224d0,
0x0000026b1ee8d8d0, 0x0000026b64c888a0, 0x0000026b64d169e0, 0x0000026b6959f010,
0x0000026b692b3950, 0x0000026b694f8c70, 0x0000026b694f92e0, 0x0000026b69456250,
0x0000026b69371680, 0x0000026b692c6ac0, 0x0000026b69b41080, 0x0000026b69b42430,
0x0000026b6b2c7d00, 0x0000026b6b2c8a20, 0x0000026b6b2ca460, 0x0000026b6937c850,
0x0000026b693809f0, 0x0000026b6937dc00, 0x0000026b69381080, 0x0000026b6937f640,
0x0000026b69381710, 0x0000026b6937e920, 0x0000026b6937efb0, 0x0000026b69380360,
0x0000026b6937bb30, 0x0000026b6937a780, 0x0000026b6937fcd0, 0x0000026b6937c1c0,
0x0000026b6937cee0, 0x0000026b6937ae10, 0x0000026b6b2c5c30
}

Java Threads: ( => current thread )
  0x0000026b06204700 JavaThread "main"                              [_thread_blocked, id=15328, stack(0x00000087e7800000,0x00000087e7900000) (1024K)]
  0x0000026b1ee1a010 JavaThread "Reference Handler"          daemon [_thread_blocked, id=15600, stack(0x00000087e7d00000,0x00000087e7e00000) (1024K)]
  0x0000026b1ee1bc80 JavaThread "Finalizer"                  daemon [_thread_blocked, id=17656, stack(0x00000087e7e00000,0x00000087e7f00000) (1024K)]
  0x0000026b1ee1f770 JavaThread "Signal Dispatcher"          daemon [_thread_blocked, id=4044, stack(0x00000087e7f00000,0x00000087e8000000) (1024K)]
=>0x0000026b1ee201d0 JavaThread "Attach Listener"            daemon [_thread_in_vm, id=13912, stack(0x00000087e8000000,0x00000087e8100000) (1024K)]
  0x0000026b1ee20c30 JavaThread "Service Thread"             daemon [_thread_blocked, id=7276, stack(0x00000087e8100000,0x00000087e8200000) (1024K)]
  0x0000026b1ee21690 JavaThread "Monitor Deflation Thread"   daemon [_thread_blocked, id=18348, stack(0x00000087e8200000,0x00000087e8300000) (1024K)]
  0x0000026b1ee224d0 JavaThread "C2 CompilerThread0"         daemon [_thread_blocked, id=19344, stack(0x00000087e8300000,0x00000087e8400000) (1024K)]
  0x0000026b1ee8d8d0 JavaThread "C1 CompilerThread0"         daemon [_thread_blocked, id=11384, stack(0x00000087e8400000,0x00000087e8500000) (1024K)]
  0x0000026b64c888a0 JavaThread "Common-Cleaner"             daemon [_thread_blocked, id=18808, stack(0x00000087e8500000,0x00000087e8600000) (1024K)]
  0x0000026b64d169e0 JavaThread "Notification Thread"        daemon [_thread_blocked, id=11676, stack(0x00000087e8600000,0x00000087e8700000) (1024K)]
  0x0000026b6959f010 JavaThread "Active Thread: Equinox Container: 5239cdbc-6144-48db-9497-dee57ee51a38"        [_thread_blocked, id=18516, stack(0x00000087e8a00000,0x00000087e8b00000) (1024K)]
  0x0000026b692b3950 JavaThread "Refresh Thread: Equinox Container: 5239cdbc-6144-48db-9497-dee57ee51a38" daemon [_thread_blocked, id=14292, stack(0x00000087e8b00000,0x00000087e8c00000) (1024K)]
  0x0000026b694f8c70 JavaThread "Framework Event Dispatcher: Equinox Container: 5239cdbc-6144-48db-9497-dee57ee51a38" daemon [_thread_blocked, id=16428, stack(0x00000087e8c00000,0x00000087e8d00000) (1024K)]
  0x0000026b694f92e0 JavaThread "Start Level: Equinox Container: 5239cdbc-6144-48db-9497-dee57ee51a38" daemon [_thread_blocked, id=4680, stack(0x00000087e8d00000,0x00000087e8e00000) (1024K)]
  0x0000026b69456250 JavaThread "Bundle File Closer"         daemon [_thread_blocked, id=13540, stack(0x00000087e8e00000,0x00000087e8f00000) (1024K)]
  0x0000026b69371680 JavaThread "SCR Component Actor"        daemon [_thread_blocked, id=10144, stack(0x00000087e8f00000,0x00000087e9000000) (1024K)]
  0x0000026b692c6ac0 JavaThread "Worker-JM"                         [_thread_blocked, id=18832, stack(0x00000087e9000000,0x00000087e9100000) (1024K)]
  0x0000026b69b41080 JavaThread "JNA Cleaner"                daemon [_thread_blocked, id=19356, stack(0x00000087e9100000,0x00000087e9200000) (1024K)]
  0x0000026b69b42430 JavaThread "Java indexing"              daemon [_thread_blocked, id=13096, stack(0x00000087e9600000,0x00000087e9700000) (1024K)]
  0x0000026b6b2c7d00 JavaThread "pool-2-thread-1"                   [_thread_blocked, id=996, stack(0x00000087e9d00000,0x00000087e9e00000) (1024K)]
  0x0000026b6b2c8a20 JavaThread "WorkspaceEventsHandler"            [_thread_blocked, id=3084, stack(0x00000087e9e00000,0x00000087e9f00000) (1024K)]
  0x0000026b6b2ca460 JavaThread "pool-1-thread-1"                   [_thread_in_native, id=9668, stack(0x00000087e9f00000,0x00000087ea000000) (1024K)]
  0x0000026b6937c850 JavaThread "Cleaner-0"                  daemon [_thread_blocked, id=17860, stack(0x00000087e7c00000,0x00000087e7d00000) (1024K)]
  0x0000026b693809f0 JavaThread "Worker-8"                          [_thread_blocked, id=18356, stack(0x00000087e9300000,0x00000087e9400000) (1024K)]
  0x0000026b6937dc00 JavaThread "Worker-9"                          [_thread_blocked, id=18548, stack(0x00000087e9500000,0x00000087e9600000) (1024K)]
  0x0000026b69381080 JavaThread "Java Debug Server"          daemon [_thread_in_native, id=15116, stack(0x00000087e9200000,0x00000087e9300000) (1024K)]
  0x0000026b6937f640 JavaThread "RxSchedulerPurge-1"         daemon [_thread_blocked, id=13448, stack(0x00000087e9700000,0x00000087e9800000) (1024K)]
  0x0000026b69381710 JavaThread "RxCachedWorkerPoolEvictor-1" daemon [_thread_blocked, id=2384, stack(0x00000087e9900000,0x00000087e9a00000) (1024K)]
  0x0000026b6937e920 JavaThread "ForkJoinPool.commonPool-worker-6" daemon [_thread_blocked, id=20820, stack(0x00000087e7600000,0x00000087e7700000) (1024K)]
  0x0000026b6937efb0 JavaThread "ForkJoinPool.commonPool-worker-7" daemon [_thread_blocked, id=6556, stack(0x00000087e7700000,0x00000087e7800000) (1024K)]
  0x0000026b69380360 JavaThread "ForkJoinPool.commonPool-worker-8" daemon [_thread_blocked, id=16364, stack(0x00000087e9400000,0x00000087e9500000) (1024K)]
  0x0000026b6937bb30 JavaThread "Worker-10"                         [_thread_blocked, id=456, stack(0x00000087e9800000,0x00000087e9900000) (1024K)]
  0x0000026b6937a780 JavaThread "PatternSearchJob-worker-4"  daemon [_thread_blocked, id=15592, stack(0x00000087e9a00000,0x00000087e9b00000) (1024K)]
  0x0000026b6937fcd0 JavaThread "PatternSearchJob-worker-5"  daemon [_thread_blocked, id=10848, stack(0x00000087e9b00000,0x00000087e9c00000) (1024K)]
  0x0000026b6937c1c0 JavaThread "Compiler Source File Reader" daemon [_thread_blocked, id=688, stack(0x00000087e9c00000,0x00000087e9d00000) (1024K)]
  0x0000026b6937cee0 JavaThread "Compiler Processing Task"   daemon [_thread_blocked, id=4208, stack(0x00000087ea000000,0x00000087ea100000) (1024K)]
  0x0000026b6937ae10 JavaThread "Compiler Source File Reader" daemon [_thread_blocked, id=6896, stack(0x00000087ea100000,0x00000087ea200000) (1024K)]
  0x0000026b6b2c5c30 JavaThread "Worker-11"                         [_thread_blocked, id=20764, stack(0x00000087ea200000,0x00000087ea300000) (1024K)]
Total: 39

Other Threads:
  0x0000026b1ee0e2d0 VMThread "VM Thread"                           [id=2544, stack(0x00000087e7b00000,0x00000087e7c00000) (1024K)]
  0x0000026b0849d810 WatcherThread "VM Periodic Task Thread"        [id=6644, stack(0x00000087e7a00000,0x00000087e7b00000) (1024K)]
  0x0000026b08442150 WorkerThread "GC Thread#0"                     [id=13968, stack(0x00000087e7900000,0x00000087e7a00000) (1024K)]
  0x0000026b64de36e0 WorkerThread "GC Thread#1"                     [id=4340, stack(0x00000087e8700000,0x00000087e8800000) (1024K)]
  0x0000026b64d5f170 WorkerThread "GC Thread#2"                     [id=18768, stack(0x00000087e8800000,0x00000087e8900000) (1024K)]
  0x0000026b64d5f520 WorkerThread "GC Thread#3"                     [id=8172, stack(0x00000087e8900000,0x00000087e8a00000) (1024K)]
Total: 6

Threads with active compile tasks:
Total: 0

VM state: not at safepoint (normal execution)

VM Mutex/Monitor currently owned by a thread: None

Heap address: 0x0000000080000000, size: 2048 MB, Compressed Oops mode: 32-bit

CDS archive(s) mapped at: [0x0000026b1f000000-0x0000026b1fba0000-0x0000026b23980000), size 77070336, SharedBaseAddress: 0x0000026b1f000000, ArchiveRelocationMode: 1.
Compressed class space mapped at: 0x0000026b24000000-0x0000026b64000000, reserved size: 1073741824
Narrow klass base: 0x0000026b1f000000, Narrow klass shift: 0, Narrow klass range: 0x100000000

GC Precious Log:
 CardTable entry size: 512
 CPUs: 4 total, 4 available
 Memory: 3946M
 Large Page Support: Disabled
 NUMA Support: Disabled
 Compressed Oops: Enabled (32-bit)
 Alignments: Space 512K, Generation 512K, Heap 2M
 Heap Min Capacity: 100M
 Heap Initial Capacity: 100M
 Heap Max Capacity: 2G
 Pre-touch: Disabled
 Parallel Workers: 4

Heap:
 PSYoungGen      total 10240K, used 2777K [0x00000000d5580000, 0x00000000d6200000, 0x0000000100000000)
  eden space 8192K, 27% used [0x00000000d5580000,0x00000000d57ae4e8,0x00000000d5d80000)
  from space 2048K, 26% used [0x00000000d5e00000,0x00000000d5e88000,0x00000000d6000000)
  to   space 1024K, 0% used [0x00000000d6100000,0x00000000d6100000,0x00000000d6200000)
 ParOldGen       total 421376K, used 310891K [0x0000000080000000, 0x0000000099b80000, 0x00000000d5580000)
  object space 421376K, 73% used [0x0000000080000000,0x0000000092f9afa0,0x0000000099b80000)
 Metaspace       used 33014K, committed 34176K, reserved 1114112K
  class space    used 3272K, committed 3776K, reserved 1048576K

Card table byte_map: [0x0000026b07df0000,0x0000026b08200000] _byte_map_base: 0x0000026b079f0000

Marking Bits: (ParMarkBitMap*) 0x00007fff37c744a0
 Begin Bits: [0x0000026b1a8f0000, 0x0000026b1c8f0000)
 End Bits:   [0x0000026b1c8f0000, 0x0000026b1e8f0000)

Polling page: 0x0000026b06330000

Metaspace:

Usage:
  Non-class:     29.04 MB used.
      Class:      3.20 MB used.
       Both:     32.24 MB used.

Virtual space:
  Non-class space:       64.00 MB reserved,      29.69 MB ( 46%) committed,  1 nodes.
      Class space:        1.00 GB reserved,       3.69 MB ( <1%) committed,  1 nodes.
             Both:        1.06 GB reserved,      33.38 MB (  3%) committed. 

Chunk freelists:
   Non-Class:  1.75 MB
       Class:  12.31 MB
        Both:  14.06 MB

MaxMetaspaceSize: unlimited
CompressedClassSpaceSize: 1.00 GB
Initial GC threshold: 21.00 MB
Current GC threshold: 35.00 MB
CDS: on
 - commit_granule_bytes: 65536.
 - commit_granule_words: 8192.
 - virtual_space_node_default_size: 8388608.
 - enlarge_chunks_in_place: 1.
 - use_allocation_guard: 0.


Internal statistics:

num_allocs_failed_limit: 3.
num_arena_births: 964.
num_arena_deaths: 12.
num_vsnodes_births: 2.
num_vsnodes_deaths: 0.
num_space_committed: 534.
num_space_uncommitted: 0.
num_chunks_returned_to_freelist: 17.
num_chunks_taken_from_freelist: 2761.
num_chunk_merges: 8.
num_chunk_splits: 1646.
num_chunks_enlarged: 845.
num_inconsistent_stats: 0.

CodeHeap 'non-profiled nmethods': size=120000Kb used=9998Kb max_used=9998Kb free=110001Kb
 bounds [0x0000026b13110000, 0x0000026b13ae0000, 0x0000026b1a640000]
CodeHeap 'profiled nmethods': size=120000Kb used=31581Kb max_used=31581Kb free=88418Kb
 bounds [0x0000026b0b640000, 0x0000026b0d520000, 0x0000026b12b70000]
CodeHeap 'non-nmethods': size=5760Kb used=1485Kb max_used=1567Kb free=4274Kb
 bounds [0x0000026b12b70000, 0x0000026b12de0000, 0x0000026b13110000]
CodeCache: size=245760Kb, used=43064Kb, max_used=43146Kb, free=202693Kb
 total_blobs=14036, nmethods=13224, adapters=715, full_count=0
Compilation: enabled, stopped_count=0, restarted_count=0

Compilation events (20 events):
Event: 1477.299 Thread 0x0000026b1ee8d8d0 nmethod 13243 0x0000026b0d510690 code [0x0000026b0d510880, 0x0000026b0d510dd8]
Event: 1477.299 Thread 0x0000026b1ee8d8d0 13249       3       com.google.gson.stream.JsonWriter::beginObject (12 bytes)
Event: 1477.300 Thread 0x0000026b1ee8d8d0 nmethod 13249 0x0000026b0d511090 code [0x0000026b0d5112a0, 0x0000026b0d5116a0]
Event: 1477.300 Thread 0x0000026b1ee8d8d0 13251       3       com.google.gson.stream.JsonWriter::endObject (9 bytes)
Event: 1477.301 Thread 0x0000026b1ee8d8d0 nmethod 13251 0x0000026b0d511890 code [0x0000026b0d511a40, 0x0000026b0d511b90]
Event: 1477.301 Thread 0x0000026b1ee8d8d0 13244       3       org.eclipse.jdt.internal.corext.util.Resources::makeCommittable (227 bytes)
Event: 1477.304 Thread 0x0000026b1ee8d8d0 nmethod 13244 0x0000026b0d511c10 code [0x0000026b0d511fe0, 0x0000026b0d513f50]
Event: 1477.304 Thread 0x0000026b1ee8d8d0 13245       3       org.eclipse.jdt.internal.corext.util.Resources::isReadOnly (18 bytes)
Event: 1477.306 Thread 0x0000026b1ee8d8d0 nmethod 13245 0x0000026b0d514890 code [0x0000026b0d514b00, 0x0000026b0d515488]
Event: 1477.306 Thread 0x0000026b1ee8d8d0 13246       3       org.eclipse.core.internal.resources.Resource::getResourceAttributes (33 bytes)
Event: 1477.307 Thread 0x0000026b1ee8d8d0 nmethod 13246 0x0000026b0d515810 code [0x0000026b0d515a60, 0x0000026b0d516228]
Event: 1477.307 Thread 0x0000026b1ee8d8d0 13247       3       org.eclipse.core.internal.localstore.FileSystemResourceManager::attributes (29 bytes)
Event: 1477.309 Thread 0x0000026b1ee8d8d0 nmethod 13247 0x0000026b0d516510 code [0x0000026b0d5167a0, 0x0000026b0d517150]
Event: 1477.310 Thread 0x0000026b1ee8d8d0 13248       1       org.eclipse.jdt.internal.ui.text.correction.ProblemLocation::getProblemId (5 bytes)
Event: 1477.310 Thread 0x0000026b1ee8d8d0 nmethod 13248 0x0000026b13acf890 code [0x0000026b13acfa20, 0x0000026b13acfae8]
Event: 1477.342 Thread 0x0000026b1ee224d0 nmethod 13240 0x0000026b13acfb90 code [0x0000026b13acfe40, 0x0000026b13ad14e8]
Event: 1477.343 Thread 0x0000026b1ee224d0 13250       4       java.util.Arrays$ArrayItr::hasNext (18 bytes)
Event: 1477.343 Thread 0x0000026b1ee224d0 nmethod 13250 0x0000026b13ad2210 code [0x0000026b13ad23a0, 0x0000026b13ad2458]
Event: 1477.343 Thread 0x0000026b1ee224d0 13227       4       org.eclipse.jdt.internal.compiler.lookup.BinaryModuleBinding::getDeclaredPackage (18 bytes)
Event: 1477.365 Thread 0x0000026b1ee224d0 nmethod 13227 0x0000026b13ad2510 code [0x0000026b13ad2780, 0x0000026b13ad32c8]

GC Heap History (20 events):
Event: 1472.972 GC heap before
{Heap before GC invocations=693 (full 1):
 PSYoungGen      total 2560K, used 2336K [0x00000000d5580000, 0x00000000d5c80000, 0x0000000100000000)
  eden space 1536K, 100% used [0x00000000d5580000,0x00000000d5700000,0x00000000d5700000)
  from space 1024K, 78% used [0x00000000d5700000,0x00000000d57c8000,0x00000000d5800000)
  to   space 2048K, 0% used [0x00000000d5a80000,0x00000000d5a80000,0x00000000d5c80000)
 ParOldGen       total 421376K, used 301884K [0x0000000080000000, 0x0000000099b80000, 0x00000000d5580000)
  object space 421376K, 71% used [0x0000000080000000,0x00000000926cf2a0,0x0000000099b80000)
 Metaspace       used 32975K, committed 34176K, reserved 1114112K
  class space    used 3272K, committed 3776K, reserved 1048576K
}
Event: 1472.979 GC heap after
{Heap after GC invocations=693 (full 1):
 PSYoungGen      total 2560K, used 480K [0x00000000d5580000, 0x00000000d5b00000, 0x0000000100000000)
  eden space 2048K, 0% used [0x00000000d5580000,0x00000000d5580000,0x00000000d5780000)
  from space 512K, 93% used [0x00000000d5a80000,0x00000000d5af8000,0x00000000d5b00000)
  to   space 1024K, 0% used [0x00000000d5900000,0x00000000d5900000,0x00000000d5a00000)
 ParOldGen       total 421376K, used 302622K [0x0000000080000000, 0x0000000099b80000, 0x00000000d5580000)
  object space 421376K, 71% used [0x0000000080000000,0x00000000927879c0,0x0000000099b80000)
 Metaspace       used 32975K, committed 34176K, reserved 1114112K
  class space    used 3272K, committed 3776K, reserved 1048576K
}
Event: 1472.998 GC heap before
{Heap before GC invocations=694 (full 1):
 PSYoungGen      total 2560K, used 2528K [0x00000000d5580000, 0x00000000d5b00000, 0x0000000100000000)
  eden space 2048K, 100% used [0x00000000d5580000,0x00000000d5780000,0x00000000d5780000)
  from space 512K, 93% used [0x00000000d5a80000,0x00000000d5af8000,0x00000000d5b00000)
  to   space 1024K, 0% used [0x00000000d5900000,0x00000000d5900000,0x00000000d5a00000)
 ParOldGen       total 421376K, used 302622K [0x0000000080000000, 0x0000000099b80000, 0x00000000d5580000)
  object space 421376K, 71% used [0x0000000080000000,0x00000000927879c0,0x0000000099b80000)
 Metaspace       used 32975K, committed 34176K, reserved 1114112K
  class space    used 3272K, committed 3776K, reserved 1048576K
}
Event: 1473.002 GC heap after
{Heap after GC invocations=694 (full 1):
 PSYoungGen      total 3584K, used 288K [0x00000000d5580000, 0x00000000d5b00000, 0x0000000100000000)
  eden space 2560K, 0% used [0x00000000d5580000,0x00000000d5580000,0x00000000d5800000)
  from space 1024K, 28% used [0x00000000d5900000,0x00000000d5948000,0x00000000d5a00000)
  to   space 512K, 0% used [0x00000000d5a80000,0x00000000d5a80000,0x00000000d5b00000)
 ParOldGen       total 421376K, used 303081K [0x0000000080000000, 0x0000000099b80000, 0x00000000d5580000)
  object space 421376K, 71% used [0x0000000080000000,0x00000000927fa530,0x0000000099b80000)
 Metaspace       used 32975K, committed 34176K, reserved 1114112K
  class space    used 3272K, committed 3776K, reserved 1048576K
}
Event: 1475.102 GC heap before
{Heap before GC invocations=695 (full 1):
 PSYoungGen      total 3584K, used 2699K [0x00000000d5580000, 0x00000000d5b00000, 0x0000000100000000)
  eden space 2560K, 94% used [0x00000000d5580000,0x00000000d57dae00,0x00000000d5800000)
  from space 1024K, 28% used [0x00000000d5900000,0x00000000d5948000,0x00000000d5a00000)
  to   space 512K, 0% used [0x00000000d5a80000,0x00000000d5a80000,0x00000000d5b00000)
 ParOldGen       total 421376K, used 303081K [0x0000000080000000, 0x0000000099b80000, 0x00000000d5580000)
  object space 421376K, 71% used [0x0000000080000000,0x00000000927fa530,0x0000000099b80000)
 Metaspace       used 32988K, committed 34176K, reserved 1114112K
  class space    used 3272K, committed 3776K, reserved 1048576K
}
Event: 1475.107 GC heap after
{Heap after GC invocations=695 (full 1):
 PSYoungGen      total 3584K, used 416K [0x00000000d5580000, 0x00000000d5b00000, 0x0000000100000000)
  eden space 3072K, 0% used [0x00000000d5580000,0x00000000d5580000,0x00000000d5880000)
  from space 512K, 81% used [0x00000000d5a80000,0x00000000d5ae8000,0x00000000d5b00000)
  to   space 512K, 0% used [0x00000000d5a00000,0x00000000d5a00000,0x00000000d5a80000)
 ParOldGen       total 421376K, used 303262K [0x0000000080000000, 0x0000000099b80000, 0x00000000d5580000)
  object space 421376K, 71% used [0x0000000080000000,0x0000000092827930,0x0000000099b80000)
 Metaspace       used 32988K, committed 34176K, reserved 1114112K
  class space    used 3272K, committed 3776K, reserved 1048576K
}
Event: 1475.117 GC heap before
{Heap before GC invocations=696 (full 1):
 PSYoungGen      total 3584K, used 3488K [0x00000000d5580000, 0x00000000d5b00000, 0x0000000100000000)
  eden space 3072K, 100% used [0x00000000d5580000,0x00000000d5880000,0x00000000d5880000)
  from space 512K, 81% used [0x00000000d5a80000,0x00000000d5ae8000,0x00000000d5b00000)
  to   space 512K, 0% used [0x00000000d5a00000,0x00000000d5a00000,0x00000000d5a80000)
 ParOldGen       total 421376K, used 303262K [0x0000000080000000, 0x0000000099b80000, 0x00000000d5580000)
  object space 421376K, 71% used [0x0000000080000000,0x0000000092827930,0x0000000099b80000)
 Metaspace       used 32988K, committed 34176K, reserved 1114112K
  class space    used 3272K, committed 3776K, reserved 1048576K
}
Event: 1475.145 GC heap after
{Heap after GC invocations=696 (full 1):
 PSYoungGen      total 4608K, used 489K [0x00000000d5580000, 0x00000000d6180000, 0x0000000100000000)
  eden space 4096K, 0% used [0x00000000d5580000,0x00000000d5580000,0x00000000d5980000)
  from space 512K, 95% used [0x00000000d5a00000,0x00000000d5a7a748,0x00000000d5a80000)
  to   space 4096K, 0% used [0x00000000d5d80000,0x00000000d5d80000,0x00000000d6180000)
 ParOldGen       total 421376K, used 306141K [0x0000000080000000, 0x0000000099b80000, 0x00000000d5580000)
  object space 421376K, 72% used [0x0000000080000000,0x0000000092af74f8,0x0000000099b80000)
 Metaspace       used 32988K, committed 34176K, reserved 1114112K
  class space    used 3272K, committed 3776K, reserved 1048576K
}
Event: 1475.161 GC heap before
{Heap before GC invocations=697 (full 1):
 PSYoungGen      total 4608K, used 4585K [0x00000000d5580000, 0x00000000d6180000, 0x0000000100000000)
  eden space 4096K, 100% used [0x00000000d5580000,0x00000000d5980000,0x00000000d5980000)
  from space 512K, 95% used [0x00000000d5a00000,0x00000000d5a7a748,0x00000000d5a80000)
  to   space 4096K, 0% used [0x00000000d5d80000,0x00000000d5d80000,0x00000000d6180000)
 ParOldGen       total 421376K, used 306141K [0x0000000080000000, 0x0000000099b80000, 0x00000000d5580000)
  object space 421376K, 72% used [0x0000000080000000,0x0000000092af74f8,0x0000000099b80000)
 Metaspace       used 32988K, committed 34176K, reserved 1114112K
  class space    used 3272K, committed 3776K, reserved 1048576K
}
Event: 1475.168 GC heap after
{Heap after GC invocations=697 (full 1):
 PSYoungGen      total 7168K, used 1568K [0x00000000d5580000, 0x00000000d5f80000, 0x0000000100000000)
  eden space 5120K, 0% used [0x00000000d5580000,0x00000000d5580000,0x00000000d5a80000)
  from space 2048K, 76% used [0x00000000d5d80000,0x00000000d5f08000,0x00000000d5f80000)
  to   space 2560K, 0% used [0x00000000d5a80000,0x00000000d5a80000,0x00000000d5d00000)
 ParOldGen       total 421376K, used 306647K [0x0000000080000000, 0x0000000099b80000, 0x00000000d5580000)
  object space 421376K, 72% used [0x0000000080000000,0x0000000092b75c40,0x0000000099b80000)
 Metaspace       used 32988K, committed 34176K, reserved 1114112K
  class space    used 3272K, committed 3776K, reserved 1048576K
}
Event: 1475.232 GC heap before
{Heap before GC invocations=698 (full 1):
 PSYoungGen      total 7168K, used 6688K [0x00000000d5580000, 0x00000000d5f80000, 0x0000000100000000)
  eden space 5120K, 100% used [0x00000000d5580000,0x00000000d5a80000,0x00000000d5a80000)
  from space 2048K, 76% used [0x00000000d5d80000,0x00000000d5f08000,0x00000000d5f80000)
  to   space 2560K, 0% used [0x00000000d5a80000,0x00000000d5a80000,0x00000000d5d00000)
 ParOldGen       total 421376K, used 306647K [0x0000000080000000, 0x0000000099b80000, 0x00000000d5580000)
  object space 421376K, 72% used [0x0000000080000000,0x0000000092b75c40,0x0000000099b80000)
 Metaspace       used 32989K, committed 34176K, reserved 1114112K
  class space    used 3272K, committed 3776K, reserved 1048576K
}
Event: 1475.256 GC heap after
{Heap after GC invocations=698 (full 1):
 PSYoungGen      total 7680K, used 2195K [0x00000000d5580000, 0x00000000d6080000, 0x0000000100000000)
  eden space 5120K, 0% used [0x00000000d5580000,0x00000000d5580000,0x00000000d5a80000)
  from space 2560K, 85% used [0x00000000d5a80000,0x00000000d5ca4e90,0x00000000d5d00000)
  to   space 2560K, 0% used [0x00000000d5e00000,0x00000000d5e00000,0x00000000d6080000)
 ParOldGen       total 421376K, used 308113K [0x0000000080000000, 0x0000000099b80000, 0x00000000d5580000)
  object space 421376K, 73% used [0x0000000080000000,0x0000000092ce47b0,0x0000000099b80000)
 Metaspace       used 32989K, committed 34176K, reserved 1114112K
  class space    used 3272K, committed 3776K, reserved 1048576K
}
Event: 1475.276 GC heap before
{Heap before GC invocations=699 (full 1):
 PSYoungGen      total 7680K, used 7315K [0x00000000d5580000, 0x00000000d6080000, 0x0000000100000000)
  eden space 5120K, 100% used [0x00000000d5580000,0x00000000d5a80000,0x00000000d5a80000)
  from space 2560K, 85% used [0x00000000d5a80000,0x00000000d5ca4e90,0x00000000d5d00000)
  to   space 2560K, 0% used [0x00000000d5e00000,0x00000000d5e00000,0x00000000d6080000)
 ParOldGen       total 421376K, used 308113K [0x0000000080000000, 0x0000000099b80000, 0x00000000d5580000)
  object space 421376K, 73% used [0x0000000080000000,0x0000000092ce47b0,0x0000000099b80000)
 Metaspace       used 32989K, committed 34176K, reserved 1114112K
  class space    used 3272K, committed 3776K, reserved 1048576K
}
Event: 1475.290 GC heap after
{Heap after GC invocations=699 (full 1):
 PSYoungGen      total 7168K, used 864K [0x00000000d5580000, 0x00000000d5f00000, 0x0000000100000000)
  eden space 6144K, 0% used [0x00000000d5580000,0x00000000d5580000,0x00000000d5b80000)
  from space 1024K, 84% used [0x00000000d5e00000,0x00000000d5ed8000,0x00000000d5f00000)
  to   space 1536K, 0% used [0x00000000d5c00000,0x00000000d5c00000,0x00000000d5d80000)
 ParOldGen       total 421376K, used 308572K [0x0000000080000000, 0x0000000099b80000, 0x00000000d5580000)
  object space 421376K, 73% used [0x0000000080000000,0x0000000092d57030,0x0000000099b80000)
 Metaspace       used 32989K, committed 34176K, reserved 1114112K
  class space    used 3272K, committed 3776K, reserved 1048576K
}
Event: 1477.129 GC heap before
{Heap before GC invocations=700 (full 1):
 PSYoungGen      total 7168K, used 7008K [0x00000000d5580000, 0x00000000d5f00000, 0x0000000100000000)
  eden space 6144K, 100% used [0x00000000d5580000,0x00000000d5b80000,0x00000000d5b80000)
  from space 1024K, 84% used [0x00000000d5e00000,0x00000000d5ed8000,0x00000000d5f00000)
  to   space 1536K, 0% used [0x00000000d5c00000,0x00000000d5c00000,0x00000000d5d80000)
 ParOldGen       total 421376K, used 308572K [0x0000000080000000, 0x0000000099b80000, 0x00000000d5580000)
  object space 421376K, 73% used [0x0000000080000000,0x0000000092d57030,0x0000000099b80000)
 Metaspace       used 32995K, committed 34176K, reserved 1114112K
  class space    used 3272K, committed 3776K, reserved 1048576K
}
Event: 1477.157 GC heap after
{Heap after GC invocations=700 (full 1):
 PSYoungGen      total 8192K, used 1523K [0x00000000d5580000, 0x00000000d6600000, 0x0000000100000000)
  eden space 6656K, 0% used [0x00000000d5580000,0x00000000d5580000,0x00000000d5c00000)
  from space 1536K, 99% used [0x00000000d5c00000,0x00000000d5d7ce90,0x00000000d5d80000)
  to   space 4608K, 0% used [0x00000000d6180000,0x00000000d6180000,0x00000000d6600000)
 ParOldGen       total 421376K, used 310686K [0x0000000080000000, 0x0000000099b80000, 0x00000000d5580000)
  object space 421376K, 73% used [0x0000000080000000,0x0000000092f67ba0,0x0000000099b80000)
 Metaspace       used 32995K, committed 34176K, reserved 1114112K
  class space    used 3272K, committed 3776K, reserved 1048576K
}
Event: 1477.192 GC heap before
{Heap before GC invocations=701 (full 1):
 PSYoungGen      total 8192K, used 8179K [0x00000000d5580000, 0x00000000d6600000, 0x0000000100000000)
  eden space 6656K, 100% used [0x00000000d5580000,0x00000000d5c00000,0x00000000d5c00000)
  from space 1536K, 99% used [0x00000000d5c00000,0x00000000d5d7ce90,0x00000000d5d80000)
  to   space 4608K, 0% used [0x00000000d6180000,0x00000000d6180000,0x00000000d6600000)
 ParOldGen       total 421376K, used 310686K [0x0000000080000000, 0x0000000099b80000, 0x00000000d5580000)
  object space 421376K, 73% used [0x0000000080000000,0x0000000092f67ba0,0x0000000099b80000)
 Metaspace       used 32996K, committed 34176K, reserved 1114112K
  class space    used 3272K, committed 3776K, reserved 1048576K
}
Event: 1477.195 GC heap after
{Heap after GC invocations=701 (full 1):
 PSYoungGen      total 8704K, used 352K [0x00000000d5580000, 0x00000000d6200000, 0x0000000100000000)
  eden space 8192K, 0% used [0x00000000d5580000,0x00000000d5580000,0x00000000d5d80000)
  from space 512K, 68% used [0x00000000d6180000,0x00000000d61d8000,0x00000000d6200000)
  to   space 2048K, 0% used [0x00000000d5e00000,0x00000000d5e00000,0x00000000d6000000)
 ParOldGen       total 421376K, used 310891K [0x0000000080000000, 0x0000000099b80000, 0x00000000d5580000)
  object space 421376K, 73% used [0x0000000080000000,0x0000000092f9afa0,0x0000000099b80000)
 Metaspace       used 32996K, committed 34176K, reserved 1114112K
  class space    used 3272K, committed 3776K, reserved 1048576K
}
Event: 1477.277 GC heap before
{Heap before GC invocations=702 (full 1):
 PSYoungGen      total 8704K, used 8544K [0x00000000d5580000, 0x00000000d6200000, 0x0000000100000000)
  eden space 8192K, 100% used [0x00000000d5580000,0x00000000d5d80000,0x00000000d5d80000)
  from space 512K, 68% used [0x00000000d6180000,0x00000000d61d8000,0x00000000d6200000)
  to   space 2048K, 0% used [0x00000000d5e00000,0x00000000d5e00000,0x00000000d6000000)
 ParOldGen       total 421376K, used 310891K [0x0000000080000000, 0x0000000099b80000, 0x00000000d5580000)
  object space 421376K, 73% used [0x0000000080000000,0x0000000092f9afa0,0x0000000099b80000)
 Metaspace       used 33005K, committed 34176K, reserved 1114112K
  class space    used 3272K, committed 3776K, reserved 1048576K
}
Event: 1477.278 GC heap after
{Heap after GC invocations=702 (full 1):
 PSYoungGen      total 10240K, used 544K [0x00000000d5580000, 0x00000000d6200000, 0x0000000100000000)
  eden space 8192K, 0% used [0x00000000d5580000,0x00000000d5580000,0x00000000d5d80000)
  from space 2048K, 26% used [0x00000000d5e00000,0x00000000d5e88000,0x00000000d6000000)
  to   space 1024K, 0% used [0x00000000d6100000,0x00000000d6100000,0x00000000d6200000)
 ParOldGen       total 421376K, used 310891K [0x0000000080000000, 0x0000000099b80000, 0x00000000d5580000)
  object space 421376K, 73% used [0x0000000080000000,0x0000000092f9afa0,0x0000000099b80000)
 Metaspace       used 33005K, committed 34176K, reserved 1114112K
  class space    used 3272K, committed 3776K, reserved 1048576K
}

Dll operation events (20 events):
Event: 1.325 Attempting to load shared library c:\Users\LENOVO\.vscode\extensions\redhat.java-1.56.2026082811-win32-x64\jre\21.0.12.1-win32-x86_64\bin\zip.dll
Event: 1.326 Loaded shared library c:\Users\LENOVO\.vscode\extensions\redhat.java-1.56.2026082811-win32-x64\jre\21.0.12.1-win32-x86_64\bin\zip.dll
Event: 1.350 Attempting to load shared library C:\Users\LENOVO\.vscode\extensions\redhat.java-1.56.2026082811-win32-x64\jre\21.0.12.1-win32-x86_64\bin\instrument.dll
Event: 1.350 Loaded shared library C:\Users\LENOVO\.vscode\extensions\redhat.java-1.56.2026082811-win32-x64\jre\21.0.12.1-win32-x86_64\bin\instrument.dll
Event: 1.366 Attempting to load shared library C:\Users\LENOVO\.vscode\extensions\redhat.java-1.56.2026082811-win32-x64\jre\21.0.12.1-win32-x86_64\bin\net.dll
Event: 1.374 Loaded shared library C:\Users\LENOVO\.vscode\extensions\redhat.java-1.56.2026082811-win32-x64\jre\21.0.12.1-win32-x86_64\bin\net.dll
Event: 1.392 Attempting to load shared library C:\Users\LENOVO\.vscode\extensions\redhat.java-1.56.2026082811-win32-x64\jre\21.0.12.1-win32-x86_64\bin\nio.dll
Event: 1.395 Loaded shared library C:\Users\LENOVO\.vscode\extensions\redhat.java-1.56.2026082811-win32-x64\jre\21.0.12.1-win32-x86_64\bin\nio.dll
Event: 1.422 Attempting to load shared library C:\Users\LENOVO\.vscode\extensions\redhat.java-1.56.2026082811-win32-x64\jre\21.0.12.1-win32-x86_64\bin\zip.dll
Event: 1.422 Loaded shared library C:\Users\LENOVO\.vscode\extensions\redhat.java-1.56.2026082811-win32-x64\jre\21.0.12.1-win32-x86_64\bin\zip.dll
Event: 1.546 Attempting to load shared library C:\Users\LENOVO\.vscode\extensions\redhat.java-1.56.2026082811-win32-x64\jre\21.0.12.1-win32-x86_64\bin\jimage.dll
Event: 1.546 Loaded shared library C:\Users\LENOVO\.vscode\extensions\redhat.java-1.56.2026082811-win32-x64\jre\21.0.12.1-win32-x86_64\bin\jimage.dll
Event: 1.901 Attempting to load shared library c:\Users\LENOVO\.vscode\extensions\redhat.java-1.56.2026082811-win32-x64\jre\21.0.12.1-win32-x86_64\bin\verify.dll
Event: 1.930 Loaded shared library c:\Users\LENOVO\.vscode\extensions\redhat.java-1.56.2026082811-win32-x64\jre\21.0.12.1-win32-x86_64\bin\verify.dll
Event: 7.833 Attempting to load shared library C:\Users\LENOVO\AppData\Roaming\Code\User\globalStorage\redhat.java\1.56.2026082811\config_win\org.eclipse.equinox.launcher\org.eclipse.equinox.launcher.win32.win32.x86_64_1.3.100.v20260804-1928\eclipse_11924.dll
Event: 7.856 Loaded shared library C:\Users\LENOVO\AppData\Roaming\Code\User\globalStorage\redhat.java\1.56.2026082811\config_win\org.eclipse.equinox.launcher\org.eclipse.equinox.launcher.win32.win32.x86_64_1.3.100.v20260804-1928\eclipse_11924.dll
Event: 13.836 Attempting to load shared library C:\Users\LENOVO\AppData\Local\Temp\jna--2053026509\jna12807481183862511438.dll
Event: 15.236 Loaded shared library C:\Users\LENOVO\AppData\Local\Temp\jna--2053026509\jna12807481183862511438.dll
Event: 333.739 Attempting to load shared library C:\Users\LENOVO\.vscode\extensions\redhat.java-1.56.2026082811-win32-x64\jre\21.0.12.1-win32-x86_64\bin\extnet.dll
Event: 333.740 Loaded shared library C:\Users\LENOVO\.vscode\extensions\redhat.java-1.56.2026082811-win32-x64\jre\21.0.12.1-win32-x86_64\bin\extnet.dll

Deoptimization events (20 events):
Event: 1471.940 Thread 0x0000026b6937efb0 DEOPT PACKING pc=0x0000026b0cdf3d5f sp=0x00000087e77fd430
Event: 1471.940 Thread 0x0000026b6937efb0 DEOPT UNPACKING pc=0x0000026b12bc4242 sp=0x00000087e77fc8e8 mode 0
Event: 1472.109 Thread 0x0000026b6937efb0 Uncommon trap: trap_request=0xffffff6e fr.pc=0x0000026b13a7cf70 relative=0x0000000000000ef0
Event: 1472.109 Thread 0x0000026b6937efb0 Uncommon trap: reason=loop_limit_check action=maybe_recompile pc=0x0000026b13a7cf70 method=org.eclipse.jdt.internal.compiler.lookup.BinaryTypeBinding.createMethods([Lorg/eclipse/jdt/internal/compiler/env/IBinaryMethod;Lorg/eclipse/jdt/internal/compiler/en
Event: 1472.109 Thread 0x0000026b6937efb0 DEOPT PACKING pc=0x0000026b13a7cf70 sp=0x00000087e77fdb70
Event: 1472.109 Thread 0x0000026b6937efb0 DEOPT UNPACKING pc=0x0000026b12bc3aa2 sp=0x00000087e77fdad8 mode 2
Event: 1472.126 Thread 0x0000026b6b2ca460 Uncommon trap: trap_request=0xffffffd6 fr.pc=0x0000026b13a3bd8c relative=0x000000000000084c
Event: 1472.126 Thread 0x0000026b6b2ca460 Uncommon trap: reason=array_check action=maybe_recompile pc=0x0000026b13a3bd8c method=com.google.gson.internal.GsonTypes$ParameterizedTypeImpl.<init>(Ljava/lang/reflect/Type;Ljava/lang/Class;[Ljava/lang/reflect/Type;)V @ 136 c2
Event: 1472.126 Thread 0x0000026b6b2ca460 DEOPT PACKING pc=0x0000026b13a3bd8c sp=0x00000087e9ffe560
Event: 1472.126 Thread 0x0000026b6b2ca460 DEOPT UNPACKING pc=0x0000026b12bc3aa2 sp=0x00000087e9ffe498 mode 2
Event: 1473.011 Thread 0x0000026b69380360 DEOPT PACKING pc=0x0000026b0ce82699 sp=0x00000087e94fdd00
Event: 1473.011 Thread 0x0000026b69380360 DEOPT UNPACKING pc=0x0000026b12bc4242 sp=0x00000087e94fd228 mode 0
Event: 1473.013 Thread 0x0000026b69380360 Uncommon trap: trap_request=0xffffffbe fr.pc=0x0000026b13a89f00 relative=0x0000000000000620
Event: 1473.013 Thread 0x0000026b69380360 Uncommon trap: reason=profile_predicate action=maybe_recompile pc=0x0000026b13a89f00 method=org.eclipse.jdt.internal.compiler.lookup.BinaryTypeBinding.createMethods([Lorg/eclipse/jdt/internal/compiler/env/IBinaryMethod;Lorg/eclipse/jdt/internal/compiler/e
Event: 1473.016 Thread 0x0000026b69380360 DEOPT PACKING pc=0x0000026b13a89f00 sp=0x00000087e94fd4e0
Event: 1473.016 Thread 0x0000026b69380360 DEOPT UNPACKING pc=0x0000026b12bc3aa2 sp=0x00000087e94fd470 mode 2
Event: 1477.189 Thread 0x0000026b69380360 DEOPT PACKING pc=0x0000026b0ced98ca sp=0x00000087e94fe250
Event: 1477.189 Thread 0x0000026b69380360 DEOPT UNPACKING pc=0x0000026b12bc4242 sp=0x00000087e94fd768 mode 0
Event: 1477.243 Thread 0x0000026b6937e920 DEOPT PACKING pc=0x0000026b0ce82699 sp=0x00000087e76fd890
Event: 1477.243 Thread 0x0000026b6937e920 DEOPT UNPACKING pc=0x0000026b12bc4242 sp=0x00000087e76fcdb8 mode 0

Classes loaded (20 events):
Event: 336.886 Loading class jdk/internal/reflect/MethodHandleByteFieldAccessorImpl
Event: 336.888 Loading class jdk/internal/reflect/MethodHandleByteFieldAccessorImpl done
Event: 361.510 Loading class java/net/StandardSocketOptions
Event: 361.510 Loading class java/net/StandardSocketOptions done
Event: 361.510 Loading class java/net/StandardSocketOptions$StdSocketOption
Event: 361.511 Loading class java/net/StandardSocketOptions$StdSocketOption done
Event: 361.511 Loading class sun/nio/ch/SocketOptionRegistry
Event: 361.512 Loading class sun/nio/ch/SocketOptionRegistry done
Event: 361.512 Loading class sun/nio/ch/SocketOptionRegistry$RegistryKey
Event: 361.512 Loading class sun/nio/ch/SocketOptionRegistry$RegistryKey done
Event: 361.512 Loading class sun/nio/ch/SocketOptionRegistry$LazyInitialization
Event: 361.512 Loading class sun/nio/ch/SocketOptionRegistry$LazyInitialization done
Event: 361.513 Loading class sun/nio/ch/OptionKey
Event: 361.513 Loading class sun/nio/ch/OptionKey done
Event: 361.513 Loading class sun/nio/ch/ExtendedSocketOption
Event: 361.514 Loading class sun/nio/ch/ExtendedSocketOption done
Event: 361.514 Loading class sun/nio/ch/ExtendedSocketOption$1
Event: 361.514 Loading class sun/nio/ch/ExtendedSocketOption$1 done
Event: 361.517 Loading class java/util/concurrent/CompletableFuture$AsyncRun
Event: 361.517 Loading class java/util/concurrent/CompletableFuture$AsyncRun done

Classes unloaded (6 events):
Event: 49.719 Thread 0x0000026b1ee0e2d0 Unloading class 0x0000026b24150000 'java/lang/invoke/LambdaForm$MH+0x0000026b24150000'
Event: 49.719 Thread 0x0000026b1ee0e2d0 Unloading class 0x0000026b2414fc00 'java/lang/invoke/LambdaForm$MH+0x0000026b2414fc00'
Event: 49.720 Thread 0x0000026b1ee0e2d0 Unloading class 0x0000026b240f0400 'java/lang/invoke/LambdaForm$MH+0x0000026b240f0400'
Event: 49.720 Thread 0x0000026b1ee0e2d0 Unloading class 0x0000026b240f0000 'java/lang/invoke/LambdaForm$MH+0x0000026b240f0000'
Event: 49.720 Thread 0x0000026b1ee0e2d0 Unloading class 0x0000026b240efc00 'java/lang/invoke/LambdaForm$MH+0x0000026b240efc00'
Event: 49.720 Thread 0x0000026b1ee0e2d0 Unloading class 0x0000026b240ef800 'java/lang/invoke/LambdaForm$MH+0x0000026b240ef800'

Classes redefined (0 events):
No events

Internal exceptions (20 events):
Event: 1471.953 Thread 0x0000026b6937efb0 Exception <a 'java/lang/NullPointerException'{0x00000000d55ba4f0}> (0x00000000d55ba4f0) 
thrown [s\src\hotspot\share\interpreter\linkResolver.cpp, line 1372]
Event: 1472.114 Thread 0x0000026b6937efb0 Exception <a 'java/lang/NullPointerException'{0x00000000d57ac6d8}> (0x00000000d57ac6d8) 
thrown [s\src\hotspot\share\interpreter\linkResolver.cpp, line 1372]
Event: 1472.146 Thread 0x0000026b6937efb0 Exception <a 'java/lang/ArrayIndexOutOfBoundsException'{0x00000000d55a9228}> (0x00000000d55a9228) 
thrown [s\src\hotspot\share\runtime\sharedRuntime.cpp, line 625]
Event: 1472.161 Thread 0x0000026b6937efb0 Exception <a 'java/lang/NullPointerException'{0x00000000d561e728}> (0x00000000d561e728) 
thrown [s\src\hotspot\share\interpreter\linkResolver.cpp, line 1372]
Event: 1472.767 Thread 0x0000026b6937efb0 Exception <a 'java/lang/NullPointerException'{0x00000000d594fb28}> (0x00000000d594fb28) 
thrown [s\src\hotspot\share\interpreter\linkResolver.cpp, line 1372]
Event: 1472.905 Thread 0x0000026b69380360 Exception <a 'java/lang/ArrayIndexOutOfBoundsException'{0x00000000d56113d0}> (0x00000000d56113d0) 
thrown [s\src\hotspot\share\runtime\sharedRuntime.cpp, line 625]
Event: 1472.914 Thread 0x0000026b69380360 Exception <a 'java/lang/NullPointerException'{0x00000000d56a4ff0}> (0x00000000d56a4ff0) 
thrown [s\src\hotspot\share\interpreter\linkResolver.cpp, line 1372]
Event: 1473.016 Thread 0x0000026b69380360 Exception <a 'java/lang/NullPointerException'{0x00000000d56a9e00}> (0x00000000d56a9e00) 
thrown [s\src\hotspot\share\interpreter\linkResolver.cpp, line 1372]
Event: 1475.095 Thread 0x0000026b6937e920 Exception <a 'java/lang/ArrayIndexOutOfBoundsException'{0x00000000d5754a50}> (0x00000000d5754a50) 
thrown [s\src\hotspot\share\runtime\sharedRuntime.cpp, line 625]
Event: 1475.100 Thread 0x0000026b6937e920 Exception <a 'java/lang/NullPointerException'{0x00000000d57cc660}> (0x00000000d57cc660) 
thrown [s\src\hotspot\share\interpreter\linkResolver.cpp, line 1372]
Event: 1475.186 Thread 0x0000026b6937e920 Exception <a 'java/lang/NullPointerException'{0x00000000d57b2b78}> (0x00000000d57b2b78) 
thrown [s\src\hotspot\share\interpreter\linkResolver.cpp, line 1372]
Event: 1475.217 Thread 0x0000026b69380360 Exception <a 'java/lang/ArrayIndexOutOfBoundsException'{0x00000000d584d640}> (0x00000000d584d640) 
thrown [s\src\hotspot\share\runtime\sharedRuntime.cpp, line 625]
Event: 1475.224 Thread 0x0000026b69380360 Exception <a 'java/lang/NullPointerException'{0x00000000d58c28e0}> (0x00000000d58c28e0) 
thrown [s\src\hotspot\share\interpreter\linkResolver.cpp, line 1372]
Event: 1475.308 Thread 0x0000026b69380360 Exception <a 'java/lang/NullPointerException'{0x00000000d57efe40}> (0x00000000d57efe40) 
thrown [s\src\hotspot\share\interpreter\linkResolver.cpp, line 1372]
Event: 1477.094 Thread 0x0000026b69380360 Exception <a 'java/lang/ArrayIndexOutOfBoundsException'{0x00000000d589f308}> (0x00000000d589f308) 
thrown [s\src\hotspot\share\runtime\sharedRuntime.cpp, line 625]
Event: 1477.106 Thread 0x0000026b69380360 Exception <a 'java/lang/NullPointerException'{0x00000000d5915400}> (0x00000000d5915400) 
thrown [s\src\hotspot\share\interpreter\linkResolver.cpp, line 1372]
Event: 1477.196 Thread 0x0000026b69380360 Exception <a 'java/lang/NullPointerException'{0x00000000d5582fe0}> (0x00000000d5582fe0) 
thrown [s\src\hotspot\share\interpreter\linkResolver.cpp, line 1372]
Event: 1477.241 Thread 0x0000026b6937e920 Exception <a 'java/lang/ArrayIndexOutOfBoundsException'{0x00000000d5627dc0}> (0x00000000d5627dc0) 
thrown [s\src\hotspot\share\runtime\sharedRuntime.cpp, line 625]
Event: 1477.246 Thread 0x0000026b6937e920 Exception <a 'java/lang/NullPointerException'{0x00000000d569d510}> (0x00000000d569d510) 
thrown [s\src\hotspot\share\interpreter\linkResolver.cpp, line 1372]
Event: 1477.293 Thread 0x0000026b6937e920 Exception <a 'java/lang/NullPointerException'{0x00000000d577f6e8}> (0x00000000d577f6e8) 
thrown [s\src\hotspot\share\interpreter\linkResolver.cpp, line 1372]

ZGC Phase Switch (0 events):
No events

VM Operations (20 events):
Event: 1475.102 Executing safepoint VM operation: ParallelGCFailedAllocation (Allocation Failure)
Event: 1475.107 Executing safepoint VM operation: ParallelGCFailedAllocation (Allocation Failure) done
Event: 1475.117 Executing safepoint VM operation: ParallelGCFailedAllocation (Allocation Failure)
Event: 1475.145 Executing safepoint VM operation: ParallelGCFailedAllocation (Allocation Failure) done
Event: 1475.161 Executing safepoint VM operation: ParallelGCFailedAllocation (Allocation Failure)
Event: 1475.168 Executing safepoint VM operation: ParallelGCFailedAllocation (Allocation Failure) done
Event: 1475.232 Executing safepoint VM operation: ParallelGCFailedAllocation (Allocation Failure)
Event: 1475.256 Executing safepoint VM operation: ParallelGCFailedAllocation (Allocation Failure) done
Event: 1475.276 Executing safepoint VM operation: ParallelGCFailedAllocation (Allocation Failure)
Event: 1475.290 Executing safepoint VM operation: ParallelGCFailedAllocation (Allocation Failure) done
Event: 1476.303 Executing safepoint VM operation: Cleanup
Event: 1476.303 Executing safepoint VM operation: Cleanup done
Event: 1477.129 Executing safepoint VM operation: ParallelGCFailedAllocation (Allocation Failure)
Event: 1477.157 Executing safepoint VM operation: ParallelGCFailedAllocation (Allocation Failure) done
Event: 1477.192 Executing safepoint VM operation: ParallelGCFailedAllocation (Allocation Failure)
Event: 1477.195 Executing safepoint VM operation: ParallelGCFailedAllocation (Allocation Failure) done
Event: 1477.276 Executing safepoint VM operation: ParallelGCFailedAllocation (Allocation Failure)
Event: 1477.278 Executing safepoint VM operation: ParallelGCFailedAllocation (Allocation Failure) done
Event: 1478.289 Executing safepoint VM operation: Cleanup
Event: 1478.289 Executing safepoint VM operation: Cleanup done

Memory protections (0 events):
No events

Nmethod flushes (0 events):
No events

Events (20 events):
Event: 361.519 Thread 0x0000026b6937cee0 Thread exited: 0x0000026b6937cee0
Event: 361.583 Thread 0x0000026b6937ae10 Thread exited: 0x0000026b6937ae10
Event: 391.596 Thread 0x0000026b6937efb0 Thread exited: 0x0000026b6937efb0
Event: 421.609 Thread 0x0000026b6b2caaf0 Thread exited: 0x0000026b6b2caaf0
Event: 481.614 Thread 0x0000026b6937e920 Thread exited: 0x0000026b6937e920
Event: 541.628 Thread 0x0000026b6937a780 Thread exited: 0x0000026b6937a780
Event: 545.420 Thread 0x0000026b6b2c90b0 Thread exited: 0x0000026b6b2c90b0
Event: 547.820 Thread 0x0000026b6b2c8390 Thread exited: 0x0000026b6b2c8390
Event: 657.825 Thread 0x0000026b69380360 Thread exited: 0x0000026b69380360
Event: 957.829 Thread 0x0000026b6b2c6950 Thread exited: 0x0000026b6b2c6950
Event: 1429.540 Thread 0x0000026b6b2ca460 Thread added: 0x0000026b6937e920
Event: 1446.354 Thread 0x0000026b6937e920 Thread added: 0x0000026b6937efb0
Event: 1447.148 Thread 0x0000026b6b2ca460 Thread added: 0x0000026b69380360
Event: 1449.150 Thread 0x0000026b6937dc00 Thread added: 0x0000026b6937bb30
Event: 1451.098 Thread 0x0000026b6b2ca460 Thread added: 0x0000026b6937a780
Event: 1451.123 Thread 0x0000026b6937a780 Thread added: 0x0000026b6937fcd0
Event: 1452.694 Thread 0x0000026b693809f0 Thread added: 0x0000026b6937c1c0
Event: 1452.858 Thread 0x0000026b693809f0 Thread added: 0x0000026b6937cee0
Event: 1466.558 Thread 0x0000026b693809f0 Thread added: 0x0000026b6937ae10
Event: 1467.533 Thread 0x0000026b6937dc00 Thread added: 0x0000026b6b2c5c30


Dynamic libraries:
0x00007ff750770000 - 0x00007ff75077e000 	c:\Users\LENOVO\.vscode\extensions\redhat.java-1.56.2026082811-win32-x64\jre\21.0.12.1-win32-x86_64\bin\java.exe
0x00007ffff1df0000 - 0x00007ffff1fe8000 	C:\Windows\SYSTEM32\ntdll.dll
0x00007ffff07d0000 - 0x00007ffff0892000 	C:\Windows\System32\KERNEL32.DLL
0x00007fffef5a0000 - 0x00007fffef896000 	C:\Windows\System32\KERNELBASE.dll
0x00007fffef920000 - 0x00007fffefa20000 	C:\Windows\System32\ucrtbase.dll
0x00007fffc0cc0000 - 0x00007fffc0cd8000 	c:\Users\LENOVO\.vscode\extensions\redhat.java-1.56.2026082811-win32-x64\jre\21.0.12.1-win32-x86_64\bin\jli.dll
0x00007ffff1780000 - 0x00007ffff1921000 	C:\Windows\System32\USER32.dll
0x00007fffefbf0000 - 0x00007fffefc12000 	C:\Windows\System32\win32u.dll
0x00007ffff0580000 - 0x00007ffff05ab000 	C:\Windows\System32\GDI32.dll
0x00007fffefa20000 - 0x00007fffefb39000 	C:\Windows\System32\gdi32full.dll
0x00007fffef500000 - 0x00007fffef59d000 	C:\Windows\System32\msvcp_win.dll
0x00007fffc09b0000 - 0x00007fffc09ce000 	c:\Users\LENOVO\.vscode\extensions\redhat.java-1.56.2026082811-win32-x64\jre\21.0.12.1-win32-x86_64\bin\VCRUNTIME140.dll
0x00007fffd7f00000 - 0x00007fffd819b000 	C:\Windows\WinSxS\amd64_microsoft.windows.common-controls_6595b64144ccf1df_6.0.19041.6456_none_60b8a6cb71f64256\COMCTL32.dll
0x00007ffff12d0000 - 0x00007ffff136e000 	C:\Windows\System32\msvcrt.dll
0x00007ffff08a0000 - 0x00007ffff08cf000 	C:\Windows\System32\IMM32.DLL
0x00007fffd7150000 - 0x00007fffd715c000 	c:\Users\LENOVO\.vscode\extensions\redhat.java-1.56.2026082811-win32-x64\jre\21.0.12.1-win32-x86_64\bin\vcruntime140_1.dll
0x00007fff8fa10000 - 0x00007fff8fa9d000 	c:\Users\LENOVO\.vscode\extensions\redhat.java-1.56.2026082811-win32-x64\jre\21.0.12.1-win32-x86_64\bin\msvcp140.dll
0x00007fff36fb0000 - 0x00007fff37d52000 	c:\Users\LENOVO\.vscode\extensions\redhat.java-1.56.2026082811-win32-x64\jre\21.0.12.1-win32-x86_64\bin\server\jvm.dll
0x00007ffff1990000 - 0x00007ffff1a41000 	C:\Windows\System32\ADVAPI32.dll
0x00007ffff16e0000 - 0x00007ffff177f000 	C:\Windows\System32\sechost.dll
0x00007ffff13f0000 - 0x00007ffff1510000 	C:\Windows\System32\RPCRT4.dll
0x00007fffef4d0000 - 0x00007fffef4f7000 	C:\Windows\System32\bcrypt.dll
0x00007ffff0a00000 - 0x00007ffff0a6b000 	C:\Windows\System32\WS2_32.dll
0x00007fffeea10000 - 0x00007fffeea5b000 	C:\Windows\SYSTEM32\POWRPROF.dll
0x00007fffd9fa0000 - 0x00007fffd9fc7000 	C:\Windows\SYSTEM32\WINMM.dll
0x00007fffe5970000 - 0x00007fffe597a000 	C:\Windows\SYSTEM32\VERSION.dll
0x00007fffee880000 - 0x00007fffee892000 	C:\Windows\SYSTEM32\UMPDC.dll
0x00007fffed2f0000 - 0x00007fffed302000 	C:\Windows\SYSTEM32\kernel.appcore.dll
0x00007fffcd500000 - 0x00007fffcd50a000 	c:\Users\LENOVO\.vscode\extensions\redhat.java-1.56.2026082811-win32-x64\jre\21.0.12.1-win32-x86_64\bin\jimage.dll
0x00007fffdecf0000 - 0x00007fffdeef1000 	C:\Windows\SYSTEM32\DBGHELP.DLL
0x00007fffdecb0000 - 0x00007fffdece4000 	C:\Windows\SYSTEM32\dbgcore.DLL
0x00007fffefd80000 - 0x00007fffefe02000 	C:\Windows\System32\bcryptPrimitives.dll
0x00007fffcac80000 - 0x00007fffcac8f000 	c:\Users\LENOVO\.vscode\extensions\redhat.java-1.56.2026082811-win32-x64\jre\21.0.12.1-win32-x86_64\bin\instrument.dll
0x00007fffc0680000 - 0x00007fffc06a0000 	c:\Users\LENOVO\.vscode\extensions\redhat.java-1.56.2026082811-win32-x64\jre\21.0.12.1-win32-x86_64\bin\java.dll
0x00007fffefe10000 - 0x00007ffff0580000 	C:\Windows\System32\SHELL32.dll
0x00007fffed4f0000 - 0x00007fffedc95000 	C:\Windows\SYSTEM32\windows.storage.dll
0x00007ffff1a50000 - 0x00007ffff1da4000 	C:\Windows\System32\combase.dll
0x00007fffeeeb0000 - 0x00007fffeeedb000 	C:\Windows\SYSTEM32\Wldp.dll
0x00007ffff0620000 - 0x00007ffff06ed000 	C:\Windows\System32\OLEAUT32.dll
0x00007ffff0b20000 - 0x00007ffff0bcd000 	C:\Windows\System32\SHCORE.dll
0x00007ffff1270000 - 0x00007ffff12cb000 	C:\Windows\System32\shlwapi.dll
0x00007fffef3b0000 - 0x00007fffef3d4000 	C:\Windows\SYSTEM32\profapi.dll
0x00007fffc0210000 - 0x00007fffc0228000 	c:\Users\LENOVO\.vscode\extensions\redhat.java-1.56.2026082811-win32-x64\jre\21.0.12.1-win32-x86_64\bin\zip.dll
0x00007fffc83d0000 - 0x00007fffc83e0000 	C:\Users\LENOVO\.vscode\extensions\redhat.java-1.56.2026082811-win32-x64\jre\21.0.12.1-win32-x86_64\bin\net.dll
0x00007fffec1c0000 - 0x00007fffec2ca000 	C:\Windows\SYSTEM32\WINHTTP.dll
0x00007fffeec10000 - 0x00007fffeec7a000 	C:\Windows\system32\mswsock.dll
0x00007fffa0f50000 - 0x00007fffa0f66000 	C:\Users\LENOVO\.vscode\extensions\redhat.java-1.56.2026082811-win32-x64\jre\21.0.12.1-win32-x86_64\bin\nio.dll
0x00007fffc11e0000 - 0x00007fffc11f0000 	c:\Users\LENOVO\.vscode\extensions\redhat.java-1.56.2026082811-win32-x64\jre\21.0.12.1-win32-x86_64\bin\verify.dll
0x00007fff9e720000 - 0x00007fff9e765000 	C:\Users\LENOVO\AppData\Roaming\Code\User\globalStorage\redhat.java\1.56.2026082811\config_win\org.eclipse.equinox.launcher\org.eclipse.equinox.launcher.win32.win32.x86_64_1.3.100.v20260804-1928\eclipse_11924.dll
0x00007ffff08d0000 - 0x00007ffff09fb000 	C:\Windows\System32\ole32.dll
0x00007fffeee10000 - 0x00007fffeee28000 	C:\Windows\SYSTEM32\CRYPTSP.dll
0x00007fffee4c0000 - 0x00007fffee4f8000 	C:\Windows\system32\rsaenh.dll
0x00007fffef370000 - 0x00007fffef39e000 	C:\Windows\SYSTEM32\USERENV.dll
0x00007fffeee00000 - 0x00007fffeee0c000 	C:\Windows\SYSTEM32\CRYPTBASE.dll
0x00007fffee8a0000 - 0x00007fffee8db000 	C:\Windows\SYSTEM32\IPHLPAPI.DLL
0x00007ffff16c0000 - 0x00007ffff16c8000 	C:\Windows\System32\NSI.dll
0x00007fffd0c10000 - 0x00007fffd0c59000 	C:\Users\LENOVO\AppData\Local\Temp\jna--2053026509\jna12807481183862511438.dll
0x00007ffff05b0000 - 0x00007ffff05b8000 	C:\Windows\System32\PSAPI.DLL
0x00007fffe09f0000 - 0x00007fffe0a07000 	C:\Windows\SYSTEM32\dhcpcsvc6.DLL
0x00007fffe0af0000 - 0x00007fffe0b0d000 	C:\Windows\SYSTEM32\dhcpcsvc.DLL
0x00007fffd8600000 - 0x00007fffd8609000 	C:\Users\LENOVO\.vscode\extensions\redhat.java-1.56.2026082811-win32-x64\jre\21.0.12.1-win32-x86_64\bin\extnet.dll

JVMTI agents:
c:\Users\LENOVO\.vscode\extensions\redhat.java-1.56.2026082811-win32-x64\lombok\lombok-1.18.39-4050.jar path:c:\Users\LENOVO\.vscode\extensions\redhat.java-1.56.2026082811-win32-x64\jre\21.0.12.1-win32-x86_64\bin\instrument.dll, loaded, initialized, instrumentlib options:none

dbghelp: loaded successfully - version: 4.0.5 - missing functions: none
symbol engine: initialized successfully - sym options: 0x614 - pdb path: .;c:\Users\LENOVO\.vscode\extensions\redhat.java-1.56.2026082811-win32-x64\jre\21.0.12.1-win32-x86_64\bin;C:\Windows\SYSTEM32;C:\Windows\WinSxS\amd64_microsoft.windows.common-controls_6595b64144ccf1df_6.0.19041.6456_none_60b8a6cb71f64256;c:\Users\LENOVO\.vscode\extensions\redhat.java-1.56.2026082811-win32-x64\jre\21.0.12.1-win32-x86_64\bin\server;C:\Users\LENOVO\AppData\Roaming\Code\User\globalStorage\redhat.java\1.56.2026082811\config_win\org.eclipse.equinox.launcher\org.eclipse.equinox.launcher.win32.win32.x86_64_1.3.100.v20260804-1928;C:\Users\LENOVO\AppData\Local\Temp\jna--2053026509

VM Arguments:
jvm_args: --add-modules=ALL-SYSTEM --add-opens=java.base/java.util=ALL-UNNAMED --add-opens=java.base/java.lang=ALL-UNNAMED --add-opens=java.base/sun.nio.fs=ALL-UNNAMED -Declipse.application=org.eclipse.jdt.ls.core.id1 -Dosgi.bundles.defaultStartLevel=4 -Declipse.product=org.eclipse.jdt.ls.core.product -Djava.import.generatesMetadataFilesAtProjectRoot=false -DDetectVMInstallationsJob.disabled=true -Dfile.encoding=utf8 -XX:+UseParallelGC -XX:GCTimeRatio=4 -XX:AdaptiveSizePolicyWeight=90 -Dsun.zip.disableMemoryMapping=true -Xmx2G -Xms100m -Xlog:disable -javaagent:c:\Users\LENOVO\.vscode\extensions\redhat.java-1.56.2026082811-win32-x64\lombok\lombok-1.18.39-4050.jar -XX:+HeapDumpOnOutOfMemoryError -XX:HeapDumpPath=c:\Users\LENOVO\AppData\Roaming\Code\User\workspaceStorage\c1766b9a4b25d2353277a49c4eecbefe\redhat.java -Daether.dependencyCollector.impl=bf -XX:+UnlockDiagnosticVMOptions -XX:+AllowArchivingWithJavaAgent -XX:+AutoCreateSharedArchive -XX:SharedArchiveFile=c:\Users\LENOVO\AppData\Roaming\Code\User\globalStorage\redhat.java\1.56.2026082811\jdtls.jsa 
java_command: c:\Users\LENOVO\.vscode\extensions\redhat.java-1.56.2026082811-win32-x64\server\plugins\org.eclipse.equinox.launcher_1.8.0.v20260804-1928.jar -configuration c:\Users\LENOVO\AppData\Roaming\Code\User\globalStorage\redhat.java\1.56.2026082811\config_win -data c:\Users\LENOVO\AppData\Roaming\Code\User\workspaceStorage\c1766b9a4b25d2353277a49c4eecbefe\redhat.java\jdt_ws --stdio
java_class_path (initial): c:\Users\LENOVO\.vscode\extensions\redhat.java-1.56.2026082811-win32-x64\server\plugins\org.eclipse.equinox.launcher_1.8.0.v20260804-1928.jar
Launcher Type: SUN_STANDARD

[Global flags]
    uintx AdaptiveSizePolicyWeight                 = 90                                        {product} {command line}
     bool AllowArchivingWithJavaAgent              = true                             {JVMCI diagnostic} {command line}
     bool AutoCreateSharedArchive                  = false                               {JVMCI product} {command line}
     intx CICompilerCount                          = 3                                         {product} {ergonomic}
    uintx GCTimeRatio                              = 4                                         {product} {command line}
     bool HeapDumpOnOutOfMemoryError               = true                                   {manageable} {command line}
    ccstr HeapDumpPath                             = c:\Users\LENOVO\AppData\Roaming\Code\User\workspaceStorage\c1766b9a4b25d2353277a49c4eecbefe\redhat.java         {manageable} {command line}
   size_t InitialHeapSize                          = 104857600                                 {product} {command line}
   size_t MaxHeapSize                              = 2147483648                                {product} {command line}
   size_t MaxNewSize                               = 715653120                                 {product} {ergonomic}
   size_t MinHeapDeltaBytes                        = 524288                                    {product} {ergonomic}
   size_t MinHeapSize                              = 104857600                                 {product} {command line}
   size_t NewSize                                  = 34603008                                  {product} {ergonomic}
    uintx NonNMethodCodeHeapSize                   = 5832780                                {pd product} {ergonomic}
    uintx NonProfiledCodeHeapSize                  = 122912730                              {pd product} {ergonomic}
   size_t OldSize                                  = 70254592                                  {product} {ergonomic}
    uintx ProfiledCodeHeapSize                     = 122912730                              {pd product} {ergonomic}
    uintx ReservedCodeCacheSize                    = 251658240                              {pd product} {ergonomic}
     bool SegmentedCodeCache                       = true                                      {product} {ergonomic}
    ccstr SharedArchiveFile                        = c:\Users\LENOVO\AppData\Roaming\Code\User\globalStorage\redhat.java\1.56.2026082811\jdtls.jsa      {JVMCI product} {command line}
   size_t SoftMaxHeapSize                          = 2147483648                             {manageable} {ergonomic}
     bool UnlockDiagnosticVMOptions                = true                                   {diagnostic} {command line}
     bool UseCompressedOops                        = true                           {product lp64_product} {ergonomic}
     bool UseLargePagesIndividualAllocation        = false                                  {pd product} {ergonomic}
     bool UseParallelGC                            = true                                      {product} {command line}

Logging:
Log output configuration:
 #0: stdout all=off uptime,level,tags foldmultilines=false
 #1: stderr all=off uptime,level,tags foldmultilines=false

Release file:
JAVA_VERSION="21.0.12.1" 
MODULES="java.base java.compiler java.datatransfer java.xml java.prefs java.desktop java.instrument java.logging java.management java.security.sasl java.naming java.rmi java.management.rmi java.net.http java.scripting java.security.jgss java.transaction.xa java.sql java.sql.rowset java.xml.crypto java.se java.smartcardio jdk.accessibility jdk.internal.jvmstat jdk.attach jdk.charsets jdk.internal.opt jdk.zipfs jdk.compiler jdk.crypto.ec jdk.crypto.cryptoki jdk.crypto.mscapi jdk.dynalink jdk.internal.ed jdk.editpad jdk.hotspot.agent jdk.httpserver jdk.internal.le jdk.internal.vm.ci jdk.internal.vm.compiler jdk.internal.vm.compiler.management jdk.jartool jdk.javadoc jdk.jcmd jdk.management jdk.management.agent jdk.jconsole jdk.jdeps jdk.jdwp.agent jdk.jdi jdk.jfr jdk.jshell jdk.jsobject jdk.jstatd jdk.localedata jdk.management.jfr jdk.naming.dns jdk.naming.rmi jdk.net jdk.nio.mapmode jdk.random jdk.sctp jdk.security.auth jdk.security.jgss jdk.unsupported jdk.unsupported.desktop jdk.xml.dom" 

Environment Variables:
JAVA_HOME=C:\Program Files\Java\jdk-26.0.2.1
PATH=C:\Program Files\Common Files\Oracle\Java\javapath;C:\Windows\system32;C:\Windows;C:\Windows\System32\Wbem;C:\Windows\System32\WindowsPowerShell\v1.0\;C:\Windows\System32\OpenSSH\;C:\xampp\php;C:\ProgramData\ComposerSetup\bin;C:\Program Files\dotnet\;C:\Program Files\nodejs\;C:\ProgramData\chocolatey\bin;C:\Program Files\Git\cmd;C:\Program Files\Java\jdk-26.0.2.1\bin;C:\Users\LENOVO\AppData\Local\Programs\Python\Python312\Scripts\;C:\Users\LENOVO\AppData\Local\Programs\Python\Python312\;C:\Users\LENOVO\AppData\Local\Programs\Python\Python313\Scripts\;C:\Users\LENOVO\AppData\Local\Programs\Python\Python313\;C:\Users\LENOVO\AppData\Local\Microsoft\WindowsApps;C:\Users\LENOVO\AppData\Local\Programs\Microsoft VS Code\bin;C:\Users\LENOVO\AppData\Roaming\Composer\vendor\bin;C:\Users\LENOVO\AppData\Local\Microsoft\WinGet\Packages\Schniz.fnm_Microsoft.Winget.Source_8wekyb3d8bbwe;C:\Users\LENOVO\AppData\Roaming\npm;C:\flutter\bin;C:\Users\LENOVO\AppData\Local\Programs\cursor\resources\app\bin;C:\Users\LENOVO\AppData\Local\Programs\Antigravity\bin;C:\Users\LENOVO\AppData\Local\Python\bin
USERNAME=LENOVO
OS=Windows_NT
PROCESSOR_IDENTIFIER=Intel64 Family 6 Model 142 Stepping 9, GenuineIntel
TMP=C:\Users\LENOVO\AppData\Local\Temp
TEMP=C:\Users\LENOVO\AppData\Local\Temp




Periodic native trim disabled

---------------  S Y S T E M  ---------------

OS:
 Windows 10 , 64 bit Build 19041 (10.0.19041.5915)
OS uptime: 1 days 19:14 hours

CPU: total 4 (initial active 4) (2 cores per cpu, 2 threads per core) family 6 model 142 stepping 9 microcode 0xf4, cx8, cmov, fxsr, ht, mmx, 3dnowpref, sse, sse2, sse3, ssse3, sse4.1, sse4.2, popcnt, lzcnt, tsc, tscinvbit, avx, avx2, aes, erms, clmul, bmi1, bmi2, adx, fma, vzeroupper, clflush, clflushopt, rdtscp, f16c
Processor Information for the first 4 processors :
  Max Mhz: 2712, Current Mhz: 2511, Mhz Limit: 2495

Memory: 4k page, system-wide physical 3946M (103M free)
TotalPageFile size 16234M (AvailPageFile size 0M)
current process WorkingSet (physical memory assigned to process): 196M, peak: 337M
current process commit charge ("private bytes"): 718M, peak: 723M

vm_info: OpenJDK 64-Bit Server VM (21.0.12.1+1-LTS) for windows-amd64 JRE (21.0.12.1+1-LTS), built on 2026-08-18T00:00:00Z by "admin" with MS VC++ 17.12 (VS2022)

END.
